npm notice run montes-de-oca-offroad@0.1.0 build
npm notice run tsc --noEmit && vite build
vite v7.3.6 building client environment for production...
transforming...
✓ 974 modules transformed.
rendering chunks...
computing gzip size...
dist/index.html                                                      22.34 kB │ gzip:   5.54 kB
dist/assets/abstractAudioBus-BbdjHw12.js                              0.16 kB │ gzip:   0.16 kB │ map:     0.95 kB
dist/assets/kernelBlurVaryingDeclaration-RX7q6S8p.js                  0.24 kB │ gzip:   0.19 kB │ map:     0.83 kB
dist/assets/kernelBlurVaryingDeclaration-CzmFxDyU.js                  0.25 kB │ gzip:   0.20 kB │ map:     0.85 kB
dist/assets/mainUVVaryingDeclaration-Ba46HHWG.js                      0.25 kB │ gzip:   0.20 kB │ map:     0.85 kB
dist/assets/mainUVVaryingDeclaration-BHzhUOJb.js                      0.26 kB │ gzip:   0.21 kB │ map:     0.87 kB
dist/assets/logDepthDeclaration-BMqNv0gU.js                           0.29 kB │ gzip:   0.24 kB │ map:     0.88 kB
dist/assets/logDepthDeclaration-BRW9_a-C.js                           0.30 kB │ gzip:   0.24 kB │ map:     0.89 kB
dist/assets/logDepthVertex-COTaKSWQ.js                                0.32 kB │ gzip:   0.25 kB │ map:     0.89 kB
dist/assets/sceneVertexDeclaration-C66Wo3Da.js                        0.35 kB │ gzip:   0.24 kB │ map:     0.96 kB
dist/assets/fogVertex-DYznLM56.js                                     0.36 kB │ gzip:   0.24 kB │ map:     1.44 kB
dist/assets/pass.fragment-NUEwxCYB.js                                 0.37 kB │ gzip:   0.29 kB │ map:     0.93 kB
dist/assets/flowGraphUnaryOperationBlock-rqX_xmVX.js                  0.37 kB │ gzip:   0.26 kB │ map:     1.75 kB
dist/assets/logDepthVertex-DCFofwUB.js                                0.39 kB │ gzip:   0.27 kB │ map:     0.97 kB
dist/assets/flowGraphSceneReadyEventBlock-DoM5Lapq.js                 0.44 kB │ gzip:   0.28 kB │ map:     1.65 kB
dist/assets/flowGraphBinaryOperationBlock-PwbwaCKA.js                 0.44 kB │ gzip:   0.28 kB │ map:     2.03 kB
dist/assets/shadowMapFragmentSoftTransparentShadow-ChVuZexf.js        0.45 kB │ gzip:   0.30 kB │ map:     1.10 kB
dist/assets/flowGraphPauseAnimationBlock-C8B2hhi_.js                  0.45 kB │ gzip:   0.28 kB │ map:     1.78 kB
dist/assets/vertexColorMixing-DSwEPAuA.js                             0.45 kB │ gzip:   0.28 kB │ map:     1.09 kB
dist/assets/rgbdEncode.fragment-DZSyTDFz.js                           0.46 kB │ gzip:   0.34 kB │ map:     1.06 kB
dist/assets/rgbdDecode.fragment-BJT6Y9i0.js                           0.47 kB │ gzip:   0.35 kB │ map:     1.06 kB
dist/assets/flowGraphGLTFDataProvider-Dx1fEb9U.js                     0.48 kB │ gzip:   0.30 kB │ map:     1.71 kB
dist/assets/shadowMapFragmentSoftTransparentShadow-BxQWbmVv.js        0.48 kB │ gzip:   0.32 kB │ map:     1.14 kB
dist/assets/fogVertex-oCXHCpp6.js                                     0.49 kB │ gzip:   0.29 kB │ map:     1.61 kB
dist/assets/flowGraphConstantBlock-Bqo7KSCY.js                        0.49 kB │ gzip:   0.31 kB │ map:     2.35 kB
dist/assets/pass.fragment-jmB5HukH.js                                 0.50 kB │ gzip:   0.33 kB │ map:     1.07 kB
dist/assets/flowGraphBranchBlock-ezZwwqk0.js                          0.52 kB │ gzip:   0.31 kB │ map:     1.89 kB
dist/assets/procedural.vertex-DQpIwiNF.js                             0.53 kB │ gzip:   0.34 kB │ map:     1.12 kB
dist/assets/flowGraphGetVariableBlock-D-Pbu3o4.js                     0.54 kB │ gzip:   0.32 kB │ map:     2.37 kB
dist/assets/flowGraphContextBlock-CZ62ZlOT.js                         0.54 kB │ gzip:   0.30 kB │ map:     1.84 kB
dist/assets/flowGraphCodeExecutionBlock-DlDl5Kxb.js                   0.54 kB │ gzip:   0.31 kB │ map:     2.17 kB
dist/assets/iblCdfx.fragment-B_HrFiL-.js                              0.55 kB │ gzip:   0.39 kB │ map:     1.12 kB
dist/assets/hdrFiltering.vertex-CRr0oz2y.js                           0.56 kB │ gzip:   0.36 kB │ map:     1.16 kB
dist/assets/packingFunctions-Cg7GZJUs.js                              0.58 kB │ gzip:   0.32 kB │ map:     1.16 kB
dist/assets/flowGraphCancelDelayBlock-Dl_JJq1J.js                     0.59 kB │ gzip:   0.39 kB │ map:     2.48 kB
dist/assets/vertexColorMixing-DIDp08RH.js                             0.59 kB │ gzip:   0.31 kB │ map:     1.24 kB
dist/assets/hdrTextureLoader-BsyYOR-T.js                              0.59 kB │ gzip:   0.42 kB │ map:     3.25 kB
dist/assets/depthBoxBlur.fragment-BgIO9N8f.js                         0.59 kB │ gzip:   0.39 kB │ map:     1.19 kB
dist/assets/hdrIrradianceFiltering.vertex-Cr185rik.js                 0.59 kB │ gzip:   0.36 kB │ map:     1.22 kB
dist/assets/rgbdEncode.fragment-Bpa8X_cc.js                           0.60 kB │ gzip:   0.38 kB │ map:     1.20 kB
dist/assets/flowGraphIndexOfBlock-DApGehDA.js                         0.60 kB │ gzip:   0.34 kB │ map:     2.62 kB
dist/assets/rgbdDecode.fragment-C7KYCTrl.js                           0.61 kB │ gzip:   0.39 kB │ map:     1.21 kB
dist/assets/envTextureLoader-CEWFjRiM.js                              0.61 kB │ gzip:   0.40 kB │ map:     3.32 kB
dist/assets/meshUboDeclaration-BTHFvP4_.js                            0.61 kB │ gzip:   0.34 kB │ map:     1.77 kB
dist/assets/flowGraphSendCustomEventBlock-DfRhxEoJ.js                 0.62 kB │ gzip:   0.36 kB │ map:     2.57 kB
dist/assets/meshUboDeclaration-BcqQ_Zbc.js                            0.62 kB │ gzip:   0.35 kB │ map:     1.76 kB
dist/assets/iblCdfx.fragment-Bn7w5imr.js                              0.62 kB │ gzip:   0.42 kB │ map:     1.20 kB
dist/assets/flowGraphCounterBlock-BRydDUYu.js                         0.62 kB │ gzip:   0.35 kB │ map:     2.37 kB
dist/assets/flowGraphSceneTickEventBlock-BKQtoAV3.js                  0.63 kB │ gzip:   0.35 kB │ map:     2.26 kB
dist/assets/flowGraphConditionalDataBlock-jf1Ycstt.js                 0.63 kB │ gzip:   0.32 kB │ map:     2.39 kB
dist/assets/flowGraphGetAssetBlock-B51wLZnK.js                        0.63 kB │ gzip:   0.37 kB │ map:     2.93 kB
dist/assets/flowGraphArrayIndexBlock-DqF4Atot.js                      0.64 kB │ gzip:   0.37 kB │ map:     2.80 kB
dist/assets/procedural.vertex-C3DD3Jdl.js                             0.67 kB │ gzip:   0.38 kB │ map:     1.28 kB
dist/assets/flowGraphFlipFlopBlock-DV0M4sC3.js                        0.67 kB │ gzip:   0.37 kB │ map:     2.33 kB
dist/assets/flowGraphFunctionReferenceBlock-Cwxy5Lfb.js               0.71 kB │ gzip:   0.37 kB │ map:     2.63 kB
dist/assets/hdrFiltering.vertex-DcydikBb.js                           0.72 kB │ gzip:   0.41 kB │ map:     1.33 kB
dist/assets/hdrFiltering.fragment-DZ-K1XO6.js                         0.72 kB │ gzip:   0.42 kB │ map:     1.40 kB
dist/assets/hdrIrradianceFiltering.vertex-C-9KH2yl.js                 0.75 kB │ gzip:   0.42 kB │ map:     1.39 kB
dist/assets/flowGraphDebounceBlock-D00STsOa.js                        0.76 kB │ gzip:   0.38 kB │ map:     2.74 kB
dist/assets/flowGraphCachedOperationBlock-e6CFHmjr.js                 0.76 kB │ gzip:   0.39 kB │ map:     2.99 kB
dist/assets/flowGraphDoNBlock-Bnl_9CzG.js                             0.76 kB │ gzip:   0.40 kB │ map:     2.92 kB
dist/assets/flowGraphSequenceBlock-BYHVfJxe.js                        0.77 kB │ gzip:   0.39 kB │ map:     2.86 kB
dist/assets/depthBoxBlur.fragment-CO-1f3Er.js                         0.77 kB │ gzip:   0.45 kB │ map:     1.37 kB
dist/assets/bumpVertex-UyLLiN1D.js                                    0.79 kB │ gzip:   0.37 kB │ map:     1.90 kB
dist/assets/color.fragment-De6kukEH.js                                0.80 kB │ gzip:   0.41 kB │ map:     1.64 kB
dist/assets/kernelBlur.vertex-udO43-0b.js                             0.82 kB │ gzip:   0.46 kB │ map:     1.99 kB
dist/assets/flowGraphPointerOutEventBlock-BUmWggLF.js                 0.82 kB │ gzip:   0.43 kB │ map:     2.90 kB
dist/assets/flowGraphPointerOverEventBlock-BjYJ3AA8.js                0.84 kB │ gzip:   0.44 kB │ map:     3.02 kB
dist/assets/flowGraphWhileLoopBlock-CJIOa2cp.js                       0.85 kB │ gzip:   0.43 kB │ map:     3.16 kB
dist/assets/hdrIrradianceFiltering.fragment-CDF8NTeE.js               0.86 kB │ gzip:   0.46 kB │ map:     1.61 kB
dist/assets/passCube.fragment-gn5AXB0S.js                             0.88 kB │ gzip:   0.39 kB │ map:     1.56 kB
dist/assets/hdrFiltering.fragment-Dpzj-52s.js                         0.89 kB │ gzip:   0.47 kB │ map:     1.58 kB
dist/assets/flowGraphDataSwitchBlock-BND-tLiM.js                      0.90 kB │ gzip:   0.46 kB │ map:     3.60 kB
dist/assets/flowGraphGetPropertyBlock-DeQlmdPI.js                     0.91 kB │ gzip:   0.45 kB │ map:     3.61 kB
dist/assets/color.fragment-Cdb9gFM8.js                                0.94 kB │ gzip:   0.46 kB │ map:     1.75 kB
dist/assets/iblScaledLuminance.fragment-BHvNURga.js                   0.95 kB │ gzip:   0.53 kB │ map:     1.63 kB
dist/assets/iblDominantDirection.fragment-tKvY4w3H.js                 0.95 kB │ gzip:   0.54 kB │ map:     1.66 kB
dist/assets/webAudioMainBus-BQSVT9Gq.js                               0.96 kB │ gzip:   0.45 kB │ map:     3.83 kB
dist/assets/flowGraphTransformCoordinatesSystemBlock-BXEJD8YA.js      0.96 kB │ gzip:   0.43 kB │ map:     3.95 kB
dist/assets/flowGraphBezierCurveEasingBlock-BbT6v-yA.js               0.97 kB │ gzip:   0.47 kB │ map:     3.49 kB
dist/assets/kernelBlur.vertex-Ca2CvvuL.js                             0.97 kB │ gzip:   0.50 kB │ map:     2.17 kB
dist/assets/bumpVertex-DvtmjqxN.js                                    1.02 kB │ gzip:   0.44 kB │ map:     2.15 kB
dist/assets/mesh.vertexData.functions-ayNlGC5K.js                     1.02 kB │ gzip:   0.54 kB │ map:     6.60 kB
dist/assets/instancesDeclaration-CBp3LVb3.js                          1.06 kB │ gzip:   0.37 kB │ map:     1.77 kB
dist/assets/fogFragment-DMZtc0KY.js                                   1.07 kB │ gzip:   0.49 kB │ map:     2.26 kB
dist/assets/flowGraphConsoleLogBlock-dM7sC_Qi.js                      1.07 kB │ gzip:   0.55 kB │ map:     4.18 kB
dist/assets/iblDominantDirection.fragment-D0Wu5f1W.js                 1.07 kB │ gzip:   0.57 kB │ map:     1.80 kB
dist/assets/hdrIrradianceFiltering.fragment-BTvlg6Ec.js               1.08 kB │ gzip:   0.52 kB │ map:     1.85 kB
dist/assets/iblScaledLuminance.fragment-0XZVoJQJ.js                   1.09 kB │ gzip:   0.55 kB │ map:     1.78 kB
dist/assets/flowGraphForLoopBlock-Bkx1fPXX.js                         1.10 kB │ gzip:   0.50 kB │ map:     4.04 kB
dist/assets/flowGraphSwitchBlock-Be-NWiHY.js                          1.13 kB │ gzip:   0.51 kB │ map:     4.69 kB
dist/assets/harmonicsFunctions-Qpjwg1XF.js                            1.14 kB │ gzip:   0.51 kB │ map:     1.80 kB
dist/assets/passCube.fragment-D0vImAEd.js                             1.19 kB │ gzip:   0.44 kB │ map:     1.88 kB
dist/assets/fogFragment-Co_lbsDq.js                                   1.20 kB │ gzip:   0.54 kB │ map:     2.40 kB
dist/assets/defaultUboDeclaration-ZySKZWsH.js                         1.20 kB │ gzip:   0.53 kB │ map:     1.84 kB
dist/assets/iblCdfy.fragment-mi7L_4AH.js                              1.22 kB │ gzip:   0.65 kB │ map:     1.92 kB
dist/assets/flowGraphReceiveCustomEventBlock-CbiC4REo.js              1.24 kB │ gzip:   0.58 kB │ map:     4.29 kB
dist/assets/clipPlaneFragment-CkTPUtUo.js                             1.26 kB │ gzip:   0.37 kB │ map:     2.65 kB
dist/assets/flowGraphTypeToTypeBlocks-CVo_UtKH.js                     1.27 kB │ gzip:   0.47 kB │ map:     5.08 kB
dist/assets/color.vertex-CkuaHcTP.js                                  1.30 kB │ gzip:   0.58 kB │ map:     2.57 kB
dist/assets/depth.fragment-Crb9FU7j.js                                1.31 kB │ gzip:   0.59 kB │ map:     2.19 kB
dist/assets/iblCdfy.fragment-B7QqtcYJ.js                              1.31 kB │ gzip:   0.68 kB │ map:     2.03 kB
dist/assets/ddsTextureLoader-Dscs9Txu.js                              1.32 kB │ gzip:   0.65 kB │ map:     5.76 kB
dist/assets/flowGraphSetVariableBlock-DiOjHn60.js                     1.33 kB │ gzip:   0.62 kB │ map:     5.63 kB
dist/assets/clipPlaneVertex-DyyhxysM.js                               1.34 kB │ gzip:   0.37 kB │ map:     2.66 kB
dist/assets/color.vertex-Cq19GoCF.js                                  1.35 kB │ gzip:   0.61 kB │ map:     2.47 kB
dist/assets/flowGraphThrottleBlock-DXpievTr.js                        1.35 kB │ gzip:   0.52 kB │ map:     4.81 kB
dist/assets/flowGraphSetPropertyBlock-B4f2HvWR.js                     1.39 kB │ gzip:   0.67 kB │ map:     6.05 kB
dist/assets/flowGraphMeshPickEventBlock-DPOj777E.js                   1.42 kB │ gzip:   0.57 kB │ map:     4.94 kB
dist/assets/harmonicsFunctions-CM_rbHhP.js                            1.44 kB │ gzip:   0.53 kB │ map:     2.10 kB
dist/assets/flowGraphWaitAllBlock-DRDoZaY8.js                         1.52 kB │ gzip:   0.64 kB │ map:     5.68 kB
dist/assets/defaultUboDeclaration-CUYJGMb0.js                         1.55 kB │ gzip:   0.51 kB │ map:     2.19 kB
dist/assets/flowGraphEasingBlock-DjIpFrre.js                          1.65 kB │ gzip:   0.75 kB │ map:     6.76 kB
dist/assets/flowGraphMultiGateBlock-BwMpwxYg.js                       1.65 kB │ gzip:   0.71 kB │ map:     6.32 kB
dist/assets/pbrUboDeclaration-DaODlOB1.js                             1.73 kB │ gzip:   0.65 kB │ map:     2.36 kB
dist/assets/flowGraphStopAnimationBlock-CDhKGpEl.js                   1.88 kB │ gzip:   0.67 kB │ map:     7.26 kB
dist/assets/particles.fragment-D-RKLhnu.js                            1.89 kB │ gzip:   0.82 kB │ map:     2.98 kB
dist/assets/easing-Ds5-z8f_.js                                        1.95 kB │ gzip:   0.84 kB │ map:    14.60 kB
dist/assets/flowGraphInterpolationBlock-DhiV0L-W.js                   2.11 kB │ gzip:   0.87 kB │ map:     8.35 kB
dist/assets/kernelBlur.fragment-rpXFBsvI.js                           2.16 kB │ gzip:   0.74 kB │ map:     4.23 kB
dist/assets/depth.vertex-IxgafLV8.js                                  2.18 kB │ gzip:   0.82 kB │ map:     3.58 kB
dist/assets/particles.fragment-D1GdVSrU.js                            2.23 kB │ gzip:   0.86 kB │ map:     3.28 kB
dist/assets/pbrUboDeclaration-B4cNuLvA.js                             2.32 kB │ gzip:   0.64 kB │ map:     2.95 kB
dist/assets/webAudioBus-_S5LSUtc.js                                   2.34 kB │ gzip:   0.79 kB │ map:     7.63 kB
dist/assets/iblIcdf.fragment-DxTqNgy_.js                              2.51 kB │ gzip:   0.99 kB │ map:     3.27 kB
dist/assets/kernelBlur.fragment-C0b22MGc.js                           2.73 kB │ gzip:   0.83 kB │ map:     4.79 kB
dist/assets/iblCdfDebug.fragment-DOr__3lT.js                          2.73 kB │ gzip:   1.00 kB │ map:     3.54 kB
dist/assets/iesTextureLoader-CSGrSWb-.js                              2.76 kB │ gzip:   1.20 kB │ map:    12.37 kB
dist/assets/iblIcdf.fragment-DnbPWzlE.js                              2.89 kB │ gzip:   1.05 kB │ map:     3.67 kB
dist/assets/flowGraphJsonPointerParserBlock-DGQSjHkR.js               3.02 kB │ gzip:   1.24 kB │ map:    12.42 kB
dist/assets/shadowMap.fragment-0ZXQ4RDS.js                            3.09 kB │ gzip:   1.09 kB │ map:     5.98 kB
dist/assets/iblCdfDebug.fragment-DPbn9A-i.js                          3.11 kB │ gzip:   1.03 kB │ map:     3.88 kB
dist/assets/openpbrUboDeclaration-7323mIld.js                         3.45 kB │ gzip:   0.94 kB │ map:     4.09 kB
dist/assets/flowGraphMatrixMathBlocks-GZ_fvMDT.js                     3.57 kB │ gzip:   1.00 kB │ map:    12.24 kB
dist/assets/tgaTextureLoader-XlaVwrN6.js                              3.58 kB │ gzip:   1.42 kB │ map:    19.85 kB
dist/assets/flowGraphPlayAnimationBlock-Cg9ASNZv.js                   3.68 kB │ gzip:   1.21 kB │ map:    12.73 kB
dist/assets/shadowMap.fragment-DKT2JDev.js                            3.72 kB │ gzip:   1.22 kB │ map:     6.56 kB
dist/assets/flowGraphSetDelayBlock-CDhGrhLA.js                        4.18 kB │ gzip:   1.48 kB │ map:    15.85 kB
dist/assets/shadowMap.vertex-BDwWY5Mo.js                              4.28 kB │ gzip:   1.42 kB │ map:     9.63 kB
dist/assets/morphTargetsVertex-DSzTP_pS.js                            4.41 kB │ gzip:   0.97 kB │ map:     7.22 kB
dist/assets/shadowMap.vertex-CbIY6Joa.js                              4.50 kB │ gzip:   1.43 kB │ map:     8.06 kB
dist/assets/particles.vertex-CNWSU4zl.js                              4.55 kB │ gzip:   1.32 kB │ map:     5.78 kB
dist/assets/openpbrUboDeclaration-B3kPgPyY.js                         4.66 kB │ gzip:   0.96 kB │ map:     5.30 kB
dist/assets/flowGraphVectorMathBlocks-CAFOUZ2Q.js                     4.73 kB │ gzip:   1.50 kB │ map:    25.15 kB
dist/assets/logDepthFragment-CSq9WW6H.js                              5.00 kB │ gzip:   1.80 kB │ map:     7.19 kB
dist/assets/particles.vertex-C5O0Oa0T.js                              5.67 kB │ gzip:   1.43 kB │ map:     6.88 kB
dist/assets/logDepthFragment-C3RhRgEP.js                              5.68 kB │ gzip:   2.01 kB │ map:     7.99 kB
dist/assets/helperFunctions-BkYPCIMf.js                               5.92 kB │ gzip:   2.00 kB │ map:     6.97 kB
dist/assets/helperFunctions-DrRGU-S8.js                               6.27 kB │ gzip:   2.12 kB │ map:     7.51 kB
dist/assets/shadowsVertex-B9tyevwi.js                                 6.63 kB │ gzip:   1.56 kB │ map:    12.81 kB
dist/assets/dds-pOSh781u.js                                           7.04 kB │ gzip:   2.50 kB │ map:    38.59 kB
dist/assets/default.vertex-dGuJn-wv.js                                7.36 kB │ gzip:   1.99 kB │ map:    11.02 kB
dist/assets/shadowsVertex-llo0yMfe.js                                 7.82 kB │ gzip:   1.62 kB │ map:    13.04 kB
dist/assets/flowGraphMathCombineExtractBlocks-CIeIHbbO.js             7.96 kB │ gzip:   1.12 kB │ map:    24.72 kB
dist/assets/default.vertex-XEQc2IfT.js                                8.10 kB │ gzip:   2.14 kB │ map:    11.40 kB
dist/assets/basisTextureLoader-DfVnC_UV.js                            8.24 kB │ gzip:   3.26 kB │ map:    39.91 kB
dist/assets/bakedVertexAnimation-6E_imkEh.js                          8.27 kB │ gzip:   1.46 kB │ map:    11.74 kB
dist/assets/hdrFilteringFunctions-q0YopkX9.js                         8.60 kB │ gzip:   2.53 kB │ map:    10.60 kB
dist/assets/hdrFilteringFunctions-DJyuq0cw.js                         8.67 kB │ gzip:   2.51 kB │ map:    10.51 kB
dist/assets/openpbrMaterialLoadingAdapter-m_VWrgnD.js                 9.27 kB │ gzip:   1.63 kB │ map:    42.33 kB
dist/assets/pbrBRDFFunctions-B5nzGxXz.js                             11.63 kB │ gzip:   4.00 kB │ map:    13.20 kB
dist/assets/pbrMaterialLoadingAdapter-CYz14QjV.js                    11.64 kB │ gzip:   2.23 kB │ map:    50.37 kB
dist/assets/pbrBRDFFunctions-BkLi5qhG.js                             12.38 kB │ gzip:   4.17 kB │ map:    13.98 kB
dist/assets/pbr.vertex-D-3lzAHx.js                                   13.09 kB │ gzip:   2.80 kB │ map:    16.08 kB
dist/assets/ktxTextureLoader-CgY-BQe6.js                             14.56 kB │ gzip:   4.24 kB │ map:    56.81 kB
dist/assets/openpbr.vertex-Ctn1OADB.js                               15.18 kB │ gzip:   2.97 kB │ map:    19.26 kB
dist/assets/exrTextureLoader-DsHCf_EU.js                             15.58 kB │ gzip:   5.84 kB │ map:   105.10 kB
dist/assets/pbr.vertex-qj7CcdEj.js                                   16.38 kB │ gzip:   3.34 kB │ map:    20.97 kB
dist/assets/flowGraphMathBlocks-BfuhKO0D.js                          18.50 kB │ gzip:   3.80 kB │ map:    74.99 kB
dist/assets/openpbr.vertex-90SNfal2.js                               18.74 kB │ gzip:   3.58 kB │ map:    24.39 kB
dist/assets/default.fragment-Dp3ZbEb4.js                             23.27 kB │ gzip:   5.45 kB │ map:    29.77 kB
dist/assets/default.fragment-4d2SO-89.js                             24.87 kB │ gzip:   5.43 kB │ map:    30.33 kB
dist/assets/lightFragment-B31nB8ED.js                                27.18 kB │ gzip:   5.45 kB │ map:    33.53 kB
dist/assets/lightFragment-BcEoqgL1.js                                30.40 kB │ gzip:   5.55 kB │ map:    36.13 kB
dist/assets/pbrDebug-BRU6Liya.js                                     32.07 kB │ gzip:   6.82 kB │ map:    40.94 kB
dist/assets/animationGroup-BENCK4PF.js                               34.52 kB │ gzip:   8.78 kB │ map:   153.22 kB
dist/assets/pbrDebug-rZb3JPUE.js                                     39.68 kB │ gzip:   8.45 kB │ map:    50.17 kB
dist/assets/oitFragment-CA_jhnO0.js                                  44.24 kB │ gzip:   7.70 kB │ map:    53.85 kB
dist/assets/oitFragment-BXbtPYcZ.js                                  46.57 kB │ gzip:   8.14 kB │ map:    55.12 kB
dist/assets/openpbrMaterial-CxmVuQqV.js                              52.41 kB │ gzip:  12.24 kB │ map:   158.56 kB
dist/assets/openpbr.fragment-DLPSNagc.js                             80.36 kB │ gzip:  15.63 kB │ map:   104.44 kB
dist/assets/openpbr.fragment-61fbUN-N.js                             81.66 kB │ gzip:  15.44 kB │ map:   103.66 kB
dist/assets/pbr.fragment-DU95SjjJ.js                                 89.63 kB │ gzip:  15.34 kB │ map:   118.17 kB
dist/assets/pbr.fragment-8IBHUlqm.js                                 93.17 kB │ gzip:  16.79 kB │ map:   124.51 kB
dist/assets/index-LANGzFe1.js                                     2,326.90 kB │ gzip: 600.95 kB │ map: 9,840.29 kB
✓ built in 5.72s
